CREATE TABLE issue770_without (
    ts time without time zone
);
CREATE INDEX idxissue770 ON issue770_without USING zombodb ((issue770_without.*));
INSERT INTO issue770_without (ts) VALUES ('15:00');
INSERT INTO issue770_without (ts) VALUES ('15:00:00');
INSERT INTO issue770_without (ts) VALUES ('15:00:00.0');
INSERT INTO issue770_without (ts) VALUES ('15:00:00.00');
INSERT INTO issue770_without (ts) VALUES ('15:00:00.0000');
INSERT INTO issue770_without (ts) VALUES ('15:00:00.00000');
INSERT INTO issue770_without (ts) VALUES ('15:00:00.000000');
SELECT zdb.reapply_mapping('issue770_without');
 reapply_mapping 
-----------------
 t
(1 row)

DROP TABLE issue770_without;
CREATE TABLE issue770_with (
    ts time with time zone
);
CREATE INDEX idxissue770 ON issue770_with USING zombodb ((issue770_with.*));
INSERT INTO issue770_with (ts) VALUES ('15:00');
INSERT INTO issue770_with (ts) VALUES ('15:00:00');
INSERT INTO issue770_with (ts) VALUES ('15:00:00.0');
INSERT INTO issue770_with (ts) VALUES ('15:00:00.00');
INSERT INTO issue770_with (ts) VALUES ('15:00:00.0000');
INSERT INTO issue770_with (ts) VALUES ('15:00:00.00000');
INSERT INTO issue770_with (ts) VALUES ('15:00:00.000000');
SELECT zdb.reapply_mapping('issue770_with');
 reapply_mapping 
-----------------
 t
(1 row)

DROP TABLE issue770_with;
CREATE TABLE issue770_tstz (
    tstz timestamp with time zone
);
CREATE INDEX idxissue770 ON issue770_tstz USING zombodb ((issue770_tstz.*));
INSERT INTO issue770_tstz (tstz) VALUES ('2023-06-06 15:00 EDT');
INSERT INTO issue770_tstz (tstz) VALUES ('2023-06-06 15:00:00 EDT');
INSERT INTO issue770_tstz (tstz) VALUES ('2023-06-06 15:00:00.0 EDT');
INSERT INTO issue770_tstz (tstz) VALUES ('2023-06-06 15:00:00.00 EDT');
INSERT INTO issue770_tstz (tstz) VALUES ('2023-06-06 15:00:00.0000 EDT');
INSERT INTO issue770_tstz (tstz) VALUES ('2023-06-06 15:00:00.00000 EDT');
INSERT INTO issue770_tstz (tstz) VALUES ('2023-06-06 15:00:00.000000 EDT');
SELECT zdb.reapply_mapping('issue770_tstz');
 reapply_mapping 
-----------------
 t
(1 row)

DROP TABLE issue770_tstz;
